// Jest Snapshot v1, https://goo.gl/fbAQLP

exports[`HomeProjectPage matches snapshot 1`] = `
<DocumentFragment>
  <section
    class="sc-exiMOr QQPka"
    data-testid="__homeProject-page__"
  >
    <div
      class="sc-fxNMLY bfsYRs"
    >
      <div
        class="ant-row sc-eisiLS fdBAeg"
        style="margin: -6px -6px -6px -6px;"
      >
        <div
          class="ant-col sc-dkmKIT bZSqPx ant-col-sm-24 ant-col-md-14"
          style="padding: 6px 6px 6px 6px;"
        >
          <div
            class="sc-gGTEWt giHKah"
          >
            <div
              class="sc-dcwqsv cvvJZG"
            >
              <span
                aria-label="funnel-plot"
                class="anticon anticon-funnel-plot sc-hFXoIY iDvBoR"
                role="img"
              >
                <svg
                  aria-hidden="true"
                  data-icon="funnel-plot"
                  fill="currentColor"
                  focusable="false"
                  height="1em"
                  viewBox="64 64 896 896"
                  width="1em"
                >
                  <path
                    d="M880.1 154H143.9c-24.5 0-39.8 26.7-27.5 48L349 607.4V838c0 17.7 14.2 32 31.8 32h262.4c17.6 0 31.8-14.3 31.8-32V607.4L907.7 202c12.2-21.3-3.1-48-27.6-48zM603.4 798H420.6V650h182.9v148zm9.6-226.6l-8.4 14.6H419.3l-8.4-14.6L334.4 438h355.2L613 571.4zM726.3 374H297.7l-85-148h598.6l-85 148z"
                  />
                </svg>
              </span>
              <button
                class="ant-btn ant-btn-link sc-iuAqRD lomPst"
                type="button"
              >
                <span>
                  project:filter.editButton
                </span>
              </button>
            </div>
            <div
              class="ant-card ant-card-contain-tabs sc-cvJIAo ivfBQH"
              data-testid="__card__"
            >
              <div
                class="ant-card-head"
              >
                <div
                  class="ant-card-head-wrapper"
                />
                <div
                  class="ant-tabs ant-tabs-top ant-tabs-small ant-card-head-tabs"
                >
                  <div
                    class="ant-tabs-nav"
                    role="tablist"
                  >
                    <div
                      class="ant-tabs-nav-wrap"
                    >
                      <div
                        class="ant-tabs-nav-list"
                        style="transform: translate(0px, 0px);"
                      >
                        <div
                          class="ant-tabs-tab ant-tabs-tab-active"
                        >
                          <div
                            aria-controls="rc-tabs-test-panel-items"
                            aria-selected="true"
                            class="ant-tabs-tab-btn"
                            id="rc-tabs-test-tab-items"
                            role="tab"
                            tabindex="0"
                          >
                            project:stats.table.totalItems
                          </div>
                        </div>
                        <div
                          class="ant-tabs-tab"
                        >
                          <div
                            aria-controls="rc-tabs-test-panel-tasks"
                            aria-selected="false"
                            class="ant-tabs-tab-btn"
                            id="rc-tabs-test-tab-tasks"
                            role="tab"
                            tabindex="0"
                          >
                            project:stats.table.totalTask
                          </div>
                        </div>
                        <div
                          class="ant-tabs-ink-bar ant-tabs-ink-bar-animated"
                        />
                      </div>
                    </div>
                    <div
                      class="ant-tabs-nav-operations ant-tabs-nav-operations-hidden"
                    >
                      <button
                        aria-controls="rc-tabs-test-more-popup"
                        aria-expanded="false"
                        aria-haspopup="listbox"
                        aria-hidden="true"
                        class="ant-tabs-nav-more"
                        id="rc-tabs-test-more"
                        style="visibility: hidden; order: 1;"
                        tabindex="-1"
                        type="button"
                      >
                        <span
                          aria-label="ellipsis"
                          class="anticon anticon-ellipsis"
                          role="img"
                        >
                          <svg
                            aria-hidden="true"
                            data-icon="ellipsis"
                            fill="currentColor"
                            focusable="false"
                            height="1em"
                            viewBox="64 64 896 896"
                            width="1em"
                          >
                            <path
                              d="M176 511a56 56 0 10112 0 56 56 0 10-112 0zm280 0a56 56 0 10112 0 56 56 0 10-112 0zm280 0a56 56 0 10112 0 56 56 0 10-112 0z"
                            />
                          </svg>
                        </span>
                      </button>
                    </div>
                  </div>
                  <div
                    class="ant-tabs-content-holder"
                  >
                    <div
                      class="ant-tabs-content ant-tabs-content-top"
                    >
                      <div
                        aria-hidden="false"
                        aria-labelledby="rc-tabs-test-tab-items"
                        class="ant-tabs-tabpane ant-tabs-tabpane-active"
                        id="rc-tabs-test-panel-items"
                        role="tabpanel"
                        tabindex="0"
                      />
                      <div
                        aria-hidden="true"
                        aria-labelledby="rc-tabs-test-tab-tasks"
                        class="ant-tabs-tabpane"
                        id="rc-tabs-test-panel-tasks"
                        role="tabpanel"
                        style="display: none;"
                        tabindex="-1"
                      />
                    </div>
                  </div>
                </div>
              </div>
              <div
                class="ant-card-body"
              >
                <span
                  class="sc-dkaWRx ilMNBg"
                  data-testid="__warning-message__"
                >
                  <span
                    aria-label="exclamation-circle"
                    class="anticon anticon-exclamation-circle sc-cVksOY kLInhh"
                    role="img"
                  >
                    <svg
                      aria-hidden="true"
                      data-icon="exclamation-circle"
                      fill="currentColor"
                      focusable="false"
                      height="1em"
                      viewBox="64 64 896 896"
                      width="1em"
                    >
                      <path
                        d="M512 64C264.6 64 64 264.6 64 512s200.6 448 448 448 448-200.6 448-448S759.4 64 512 64zm0 820c-205.4 0-372-166.6-372-372s166.6-372 372-372 372 166.6 372 372-166.6 372-372 372z"
                      />
                      <path
                        d="M464 688a48 48 0 1096 0 48 48 0 10-96 0zm24-112h48c4.4 0 8-3.6 8-8V296c0-4.4-3.6-8-8-8h-48c-4.4 0-8 3.6-8 8v272c0 4.4 3.6 8 8 8z"
                      />
                    </svg>
                  </span>
                  project:warning.dataset
                </span>
              </div>
            </div>
          </div>
        </div>
        <div
          class="ant-col sc-dkmKIT bZSqPx ant-col-sm-24 ant-col-md-10"
          style="padding: 6px 6px 6px 6px;"
        >
          <div
            class="sc-iumJeC gNbmHu"
          >
            <div
              class="ant-card sc-cvJIAo gqPFHG"
              data-testid="__card__"
            >
              <div
                class="ant-card-head"
              >
                <div
                  class="ant-card-head-wrapper"
                >
                  <div
                    class="ant-card-head-title"
                  >
                    project:annotators.title
                  </div>
                </div>
              </div>
              <div
                class="ant-card-body"
              >
                <div
                  class="sc-gsBqHK gsESNF"
                >
                  <div
                    class="sc-kmATbt cDljgH"
                  >
                    project:annotators.noAnnotators
                  </div>
                </div>
              </div>
            </div>
            <div
              class="ant-card sc-cvJIAo gqPFHG"
              data-testid="__card__"
            >
              <div
                class="ant-card-head"
              >
                <div
                  class="ant-card-head-wrapper"
                >
                  <div
                    class="ant-card-head-title"
                  >
                    project:logs.title
                  </div>
                </div>
              </div>
              <div
                class="ant-card-body"
              >
                <div
                  class="sc-gIRjGK gPIBjz"
                >
                  <div
                    class="sc-gHfsNP bHajzS"
                  >
                    <div
                      class="ant-radio-group ant-radio-group-outline sc-dkAqVg jnIBqp"
                    >
                      <label
                        class="ant-radio-button-wrapper ant-radio-button-wrapper-checked"
                      >
                        <span
                          class="ant-radio-button ant-radio-button-checked"
                        >
                          <input
                            checked=""
                            class="ant-radio-button-input"
                            type="radio"
                            value=""
                          />
                          <span
                            class="ant-radio-button-inner"
                          />
                        </span>
                        <span>
                          project:logs.all
                        </span>
                      </label>
                      <label
                        class="ant-radio-button-wrapper"
                      >
                        <span
                          class="ant-radio-button"
                        >
                          <input
                            class="ant-radio-button-input"
                            type="radio"
                            value="tags"
                          />
                          <span
                            class="ant-radio-button-inner"
                          />
                        </span>
                        <span>
                          project:logs.tags
                        </span>
                      </label>
                      <label
                        class="ant-radio-button-wrapper"
                      >
                        <span
                          class="ant-radio-button"
                        >
                          <input
                            class="ant-radio-button-input"
                            type="radio"
                            value="comment"
                          />
                          <span
                            class="ant-radio-button-inner"
                          />
                        </span>
                        <span>
                          project:logs.comment
                        </span>
                      </label>
                      <label
                        class="ant-radio-button-wrapper"
                      >
                        <span
                          class="ant-radio-button"
                        >
                          <input
                            class="ant-radio-button-input"
                            type="radio"
                            value="config"
                          />
                          <span
                            class="ant-radio-button-inner"
                          />
                        </span>
                        <span>
                          project:logs.config
                        </span>
                      </label>
                      <label
                        class="ant-radio-button-wrapper"
                      >
                        <span
                          class="ant-radio-button"
                        >
                          <input
                            class="ant-radio-button-input"
                            type="radio"
                            value="annotation"
                          />
                          <span
                            class="ant-radio-button-inner"
                          />
                        </span>
                        <span>
                          project:logs.annotation
                        </span>
                      </label>
                    </div>
                    <div
                      class="sc-hkwmXC hRFDcp"
                    />
                  </div>
                  <div
                    class="ant-divider ant-divider-horizontal sc-cHjwLt btQRTV"
                    role="separator"
                  />
                  <form
                    class="ant-form ant-form-horizontal sc-bSFUlv hxSKxA"
                  >
                    <div
                      class="ant-row ant-form-item sc-jvfqPk cqriyh"
                    >
                      <div
                        class="ant-col ant-form-item-control"
                      >
                        <div
                          class="ant-form-item-control-input"
                        >
                          <div
                            class="ant-form-item-control-input-content"
                          >
                            <span
                              class="ant-input-affix-wrapper ant-input-affix-wrapper-textarea-with-clear-btn"
                            >
                              <textarea
                                class="ant-input"
                                id="comment"
                                placeholder="project:comments.placeholder"
                                style="height: 0px; min-height: -9007199254740991px; max-height: 9007199254740991px; overflow-y: hidden; resize: none; overflow-x: hidden;"
                              />
                              <span
                                aria-label="close-circle"
                                class="anticon anticon-close-circle ant-input-clear-icon-hidden ant-input-clear-icon"
                                role="button"
                                tabindex="-1"
                              >
                                <svg
                                  aria-hidden="true"
                                  data-icon="close-circle"
                                  fill="currentColor"
                                  focusable="false"
                                  height="1em"
                                  viewBox="64 64 896 896"
                                  width="1em"
                                >
                                  <path
                                    d="M512 64C264.6 64 64 264.6 64 512s200.6 448 448 448 448-200.6 448-448S759.4 64 512 64zm165.4 618.2l-66-.3L512 563.4l-99.3 118.4-66.1.3c-4.4 0-8-3.5-8-8 0-1.9.7-3.7 1.9-5.2l130.1-155L340.5 359a8.32 8.32 0 01-1.9-5.2c0-4.4 3.6-8 8-8l66.1.3L512 464.6l99.3-118.4 66-.3c4.4 0 8 3.5 8 8 0 1.9-.7 3.7-1.9 5.2L553.5 514l130 155c1.2 1.5 1.9 3.3 1.9 5.2 0 4.4-3.6 8-8 8z"
                                  />
                                </svg>
                              </span>
                            </span>
                          </div>
                        </div>
                      </div>
                    </div>
                    <div
                      class="ant-row ant-form-item sc-jvfqPk cqriyh"
                    >
                      <div
                        class="ant-col ant-form-item-control"
                      >
                        <div
                          class="ant-form-item-control-input"
                        >
                          <div
                            class="ant-form-item-control-input-content"
                          >
                            <button
                              class="ant-btn ant-btn-default ant-btn-icon-only sc-edoYdd jPhrgK"
                              type="submit"
                            >
                              <span
                                aria-label="send"
                                class="anticon anticon-send"
                                role="img"
                              >
                                <svg
                                  aria-hidden="true"
                                  data-icon="send"
                                  fill="currentColor"
                                  focusable="false"
                                  height="1em"
                                  viewBox="64 64 896 896"
                                  width="1em"
                                >
                                  <defs>
                                    <style />
                                  </defs>
                                  <path
                                    d="M931.4 498.9L94.9 79.5c-3.4-1.7-7.3-2.1-11-1.2a15.99 15.99 0 00-11.7 19.3l86.2 352.2c1.3 5.3 5.2 9.6 10.4 11.3l147.7 50.7-147.6 50.7c-5.2 1.8-9.1 6-10.3 11.3L72.2 926.5c-.9 3.7-.5 7.6 1.2 10.9 3.9 7.9 13.5 11.1 21.5 7.2l836.5-417c3.1-1.5 5.6-4.1 7.2-7.1 3.9-8 .7-17.6-7.2-21.6zM170.8 826.3l50.3-205.6 295.2-101.3c2.3-.8 4.2-2.6 5-5 1.4-4.2-.8-8.7-5-10.2L221.1 403 171 198.2l628 314.9-628.2 313.2z"
                                  />
                                </svg>
                              </span>
                            </button>
                          </div>
                        </div>
                      </div>
                    </div>
                  </form>
                </div>
              </div>
            </div>
          </div>
        </div>
      </div>
    </div>
  </section>
</DocumentFragment>
`;
