// Jest Snapshot v1, https://goo.gl/fbAQLP

exports[`Table matches snapshot 1`] = `
<DocumentFragment>
  <div
    class="sc-ZqGJI cLSCUv"
  >
    <div
      class="ant-table-wrapper sc-knEsKG cYKlgT"
    >
      <div
        class="ant-spin-nested-loading"
      >
        <div
          class="ant-spin-container"
        >
          <div
            class="ant-table ant-table-middle ant-table-empty ant-table-fixed-header ant-table-scroll-horizontal"
          >
            <div
              class="ant-table-container"
            >
              <div
                class="ant-table-header"
                style="overflow: hidden;"
              >
                <table
                  style="table-layout: fixed;"
                >
                  <thead
                    class="ant-table-thead"
                  >
                    <tr>
                      <th
                        class="ant-table-cell"
                      />
                    </tr>
                  </thead>
                </table>
              </div>
              <div
                class="ant-table-body"
                style="overflow-x: auto; overflow-y: scroll; max-height: 0;"
              >
                <table
                  style="min-width: 100%; table-layout: auto;"
                >
                  <colgroup />
                  <tbody
                    class="ant-table-tbody"
                  >
                    <tr
                      aria-hidden="true"
                      class="ant-table-measure-row"
                      style="height: 0px; font-size: 0px;"
                    >
                      <td
                        style="padding: 0px; border: 0px; height: 0px;"
                      >
                        <div
                          style="height: 0px; overflow: hidden;"
                        >
                           
                        </div>
                      </td>
                    </tr>
                    <tr
                      class="ant-table-placeholder"
                    >
                      <td
                        class="ant-table-cell"
                      >
                        <div
                          class="ant-table-expanded-row-fixed"
                          style="width: 0px; position: sticky; left: 0px; overflow: hidden;"
                        />
                      </td>
                    </tr>
                  </tbody>
                </table>
              </div>
            </div>
          </div>
        </div>
      </div>
    </div>
  </div>
</DocumentFragment>
`;
