// Jest Snapshot v1, https://goo.gl/fbAQLP

exports[`ExportStepPage matches snapshot 1`] = `
<DocumentFragment>
  <div
    class="sc-gsBqHK eCiNBh"
  >
    <form
      class="ant-form ant-form-vertical sc-aKXVD hznpLU"
    >
      <div
        class="ant-space ant-space-vertical"
      >
        <div
          class="ant-space-item"
          style="margin-bottom: 8px;"
        >
          <div
            class="ant-row ant-form-item"
          >
            <div
              class="ant-col ant-form-item-control"
            >
              <div
                class="ant-form-item-control-input"
              >
                <div
                  class="ant-form-item-control-input-content"
                >
                  <div
                    class="ant-checkbox-group"
                    id="checked"
                  >
                    <div
                      class="ant-space ant-space-vertical"
                    >
                      <div
                        class="ant-space-item"
                        style="margin-bottom: 8px;"
                      >
                        <label
                          class="ant-checkbox-wrapper"
                        >
                          <span
                            class="ant-checkbox"
                          >
                            <input
                              class="ant-checkbox-input"
                              type="checkbox"
                              value="config"
                            />
                            <span
                              class="ant-checkbox-inner"
                            />
                          </span>
                          <span>
                            configurationProject:export.configuration
                          </span>
                        </label>
                      </div>
                      <div
                        class="ant-space-item"
                      >
                        <label
                          class="ant-checkbox-wrapper"
                        >
                          <span
                            class="ant-checkbox"
                          >
                            <input
                              class="ant-checkbox-input"
                              type="checkbox"
                              value="allItems"
                            />
                            <span
                              class="ant-checkbox-inner"
                            />
                          </span>
                          <span>
                            configurationProject:export.allItems
                          </span>
                        </label>
                      </div>
                    </div>
                  </div>
                </div>
              </div>
            </div>
          </div>
        </div>
        <div
          class="ant-space-item"
          style="margin-bottom: 8px;"
        >
          <div
            class="ant-row ant-form-item"
          >
            <div
              class="ant-col ant-form-item-control"
            >
              <div
                class="ant-form-item-control-input"
              >
                <div
                  class="ant-form-item-control-input-content"
                >
                  <div
                    class="ant-radio-group ant-radio-group-outline"
                    id="selected"
                  >
                    <div
                      class="ant-space ant-space-vertical"
                    >
                      <div
                        class="ant-space-item"
                        style="margin-bottom: 8px;"
                      >
                        <label
                          class="ant-radio-wrapper"
                        >
                          <span
                            class="ant-radio"
                          >
                            <input
                              class="ant-radio-input"
                              type="radio"
                              value="annotationsAndComments,withHistory"
                            />
                            <span
                              class="ant-radio-inner"
                            />
                          </span>
                          <span>
                            configurationProject:export.annotationsAndCommentsHistory
                          </span>
                        </label>
                      </div>
                      <div
                        class="ant-space-item"
                      >
                        <label
                          class="ant-radio-wrapper"
                        >
                          <span
                            class="ant-radio"
                          >
                            <input
                              class="ant-radio-input"
                              type="radio"
                              value="annotationsAndComments"
                            />
                            <span
                              class="ant-radio-inner"
                            />
                          </span>
                          <span>
                            configurationProject:export.annotationsAndComment
                          </span>
                        </label>
                      </div>
                    </div>
                  </div>
                </div>
              </div>
            </div>
          </div>
        </div>
        <div
          class="ant-space-item"
        >
          <div
            class="ant-row ant-form-item"
          >
            <div
              class="ant-col ant-form-item-control"
            >
              <div
                class="ant-form-item-control-input"
              >
                <div
                  class="ant-form-item-control-input-content"
                >
                  <button
                    class="ant-btn ant-btn-ghost sc-kmATbt cfrERw"
                    type="submit"
                  >
                    <span>
                      configurationProject:export.exportButton
                    </span>
                  </button>
                </div>
              </div>
            </div>
          </div>
        </div>
      </div>
    </form>
  </div>
</DocumentFragment>
`;
