// Jest Snapshot v1, https://goo.gl/fbAQLP

exports[`GuideModal matches snapshot 1`] = `
<DocumentFragment>
  <div
    class="sc-kmATbt"
  >
    <div
      class="sc-cvJIAo BmuxP"
    >
      <div
        class="ant-row"
        style="margin-left: -10px; margin-right: -10px;"
      >
        <div
          class="ant-col"
          style="padding-left: 10px; padding-right: 10px;"
        >
          <span
            class="sc-gIRjGK fRehlE"
          >
            project:guide.glossary
          </span>
        </div>
        <div
          class="ant-col"
          style="padding-left: 10px; padding-right: 10px;"
        >
          <button
            aria-checked="false"
            class="ant-switch"
            role="switch"
            type="button"
          >
            <div
              class="ant-switch-handle"
            />
            <span
              class="ant-switch-inner"
            />
          </button>
        </div>
        <div
          class="ant-col"
          style="padding-left: 10px; padding-right: 10px;"
        >
          <span
            class="sc-gIRjGK hleETk"
          >
            project:guide.guidelines
          </span>
        </div>
        <div
          class="ant-col"
          style="padding-left: 10px; padding-right: 10px;"
        >
          <div
            class="ant-divider ant-divider-vertical sc-dkmKIT XjYIs"
            role="separator"
          />
        </div>
        <div
          class="ant-col"
          style="padding-left: 10px; padding-right: 10px;"
        />
        <div
          class="ant-col sc-iWFTwQ eslkyd"
          style="padding-left: 10px; padding-right: 10px;"
        >
          <button
            class="ant-btn ant-btn-link ant-btn-icon-only sc-fybuyZ gVgChl"
            type="button"
          >
            <span
              aria-label="export"
              class="anticon anticon-export"
              role="img"
            >
              <svg
                aria-hidden="true"
                data-icon="export"
                fill="currentColor"
                focusable="false"
                height="1em"
                viewBox="64 64 896 896"
                width="1em"
              >
                <path
                  d="M888.3 757.4h-53.8c-4.2 0-7.7 3.5-7.7 7.7v61.8H197.1V197.1h629.8v61.8c0 4.2 3.5 7.7 7.7 7.7h53.8c4.2 0 7.7-3.4 7.7-7.7V158.7c0-17-13.7-30.7-30.7-30.7H158.7c-17 0-30.7 13.7-30.7 30.7v706.6c0 17 13.7 30.7 30.7 30.7h706.6c17 0 30.7-13.7 30.7-30.7V765.1c0-4.3-3.5-7.7-7.7-7.7zm18.6-251.7L765 393.7c-5.3-4.2-13-.4-13 6.3v76H438c-4.4 0-8 3.6-8 8v56c0 4.4 3.6 8 8 8h314v76c0 6.7 7.8 10.5 13 6.3l141.9-112a8 8 0 000-12.6z"
                />
              </svg>
            </span>
          </button>
          <div
            class="ant-divider ant-divider-vertical sc-dkmKIT XjYIs"
            role="separator"
          />
        </div>
      </div>
    </div>
    <div
      class="sc-bUrLeq fquejC"
    />
  </div>
</DocumentFragment>
`;
